#
# A fatal error has been detected by the Java Runtime Environment:
#
#  EXCEPTION_ACCESS_VIOLATION (0xc0000005) at pc=0x00007fff6081d910, pid=17104, tid=21496
#
# JRE version: Java(TM) SE Runtime Environment (21.0.9+7) (build 21.0.9+7-LTS-338)
# Java VM: Java HotSpot(TM) 64-Bit Server VM (21.0.9+7-LTS-338, mixed mode, emulated-client, sharing, tiered, compressed oops, compressed class ptrs, g1 gc, windows-amd64)
# Problematic frame:
# V  [jvm.dll+0x5ad910]
#
# No core dump will be written. Minidumps are not enabled by default on client versions of Windows
#
# If you would like to submit a bug report, please visit:
#   https://bugreport.java.com/bugreport/crash.jsp
#

---------------  S U M M A R Y ------------

Command Line: -XX:TieredStopAtLevel=1 -Dspring.output.ansi.enabled=always -Dcom.sun.management.jmxremote -Dspring.jmx.enabled=true -Dspring.liveBeansView.mbeanDomain -Dspring.application.admin.enabled=true -Dmanagement.endpoints.jmx.exposure.include=* -javaagent:C:\Program Files\JetBrains\IntelliJ IDEA 2025.3.3\lib\idea_rt.jar=64609 -Dfile.encoding=UTF-8 -Dsun.stdout.encoding=UTF-8 -Dsun.stderr.encoding=UTF-8 org.example.healthcare_s.HealthCareSApplication

Host: 12th Gen Intel(R) Core(TM) i5-1235U, 12 cores, 15G,  Windows 11 , 64 bit Build 26100 (10.0.26100.9168)
Time: Tue Aug 25 23:00:36 2026 elapsed time: 4359.114904 seconds (0d 1h 12m 39s)

---------------  T H R E A D  ---------------

Current thread (0x000001ac075ef1f0):  WorkerThread "GC Thread#5"    [id=21496, stack(0x0000000e46f00000,0x0000000e47000000) (1024K)]

Stack: [0x0000000e46f00000,0x0000000e47000000],  sp=0x0000000e46fff5c0,  free space=1021k
Native frames: (J=compiled Java code, j=interpreted, Vv=VM code, C=native code)
V  [jvm.dll+0x5ad910]
V  [jvm.dll+0x5acc45]
V  [jvm.dll+0x6d8ea6]
V  [jvm.dll+0x357fc2]
V  [jvm.dll+0x886237]
V  [jvm.dll+0x80265b]
V  [jvm.dll+0x6ca66d]
C  [ucrtbase.dll+0x2cd30]
C  [KERNEL32.DLL+0x2ccb7]
C  [ntdll.dll+0xaad6c]


siginfo: EXCEPTION_ACCESS_VIOLATION (0xc0000005), reading address 0x0000200000000098


Registers:
RAX=0x000001ac080d90b0, RBX=0x0000200000000000, RCX=0x0000000000000004, RDX=0x000001ac1003ec01
RSP=0x0000000e46fff5c0, RBP=0x0000000000000020, RSI=0x0000000000000070, RDI=0x0000000000000000
R8 =0x0000000000000ff0, R9 =0x000001ac098a0e00, R10=0x000001abac1c0000, R11=0x0000000e46fff5d0
R12=0x0000000000000001, R13=0x000001ac080d90d0, R14=0x0000000000000000, R15=0x00007fff60c85328
RIP=0x00007fff6081d910, EFLAGS=0x0000000000010206


Register to memory mapping:

RAX=0x000001ac080d90b0 points into unknown readable memory: 0x000001ac07467f90 | 90 7f 46 07 ac 01 00 00
RBX=0x0000200000000000 is an unknown value
RCX=0x0000000000000004 is an unknown value
RDX=0x000001ac1003ec01 points into unknown readable memory: 67 66 72 01 d9 25 e1
RSP=0x0000000e46fff5c0 points into unknown readable memory: 0x00007fff00000000 | 00 00 00 00 ff 7f 00 00
RBP=0x0000000000000020 is an unknown value
RSI=0x0000000000000070 is an unknown value
RDI=0x0 is null
R8 =0x0000000000000ff0 is an unknown value
R9 =0x000001ac098a0e00 points into unknown readable memory: 0x000001abc3894218 | 18 42 89 c3 ab 01 00 00
R10=0x000001abac1c0000 points into unknown readable memory: 0x0000000000000000 | 00 00 00 00 00 00 00 00
R11=0x0000000e46fff5d0 points into unknown readable memory: 0x000001abc33b3390 | 90 33 3b c3 ab 01 00 00
R12=0x0000000000000001 is an unknown value
R13=0x000001ac080d90d0 points into unknown readable memory: 0x000001ac075cc940 | 40 c9 5c 07 ac 01 00 00
R14=0x0 is null
R15=0x00007fff60c85328 jvm.dll

Top of Stack: (sp=0x0000000e46fff5c0)
0x0000000e46fff5c0:   00007fff00000000 000001abac20ef50
0x0000000e46fff5d0:   000001abc33b3390 00007fff6081cadc
0x0000000e46fff5e0:   00007fff60c85328 0000000000000000
0x0000000e46fff5f0:   0000000000000000 0000000000000030
0x0000000e46fff600:   0000000000000000 00007fff6081cc45
0x0000000e46fff610:   000001abc36152c0 0000000e46fff688
0x0000000e46fff620:   0000000000000000 0000000000000000
0x0000000e46fff630:   00007fff60c85328 00000000000001fe
0x0000000e46fff640:   ffffffffffffff00 0000000000000004
0x0000000e46fff650:   000000000000014c 0000000000000000
0x0000000e46fff660:   0000000000000001 000001ac1003ec30
0x0000000e46fff670:   000001ac098a0e00 000001abb72fbf90
0x0000000e46fff680:   00000000000003d8 000001ac072ed560
0x0000000e46fff690:   000001ac072ed570 00007fff60948ea6
0x0000000e46fff6a0:   0000000e45afef60 000001ac075da7a0
0x0000000e46fff6b0:   000001ac072ed948 0000000000000000
0x0000000e46fff6c0:   0000000000000070 000001ac075ee160
0x0000000e46fff6d0:   0000000000000007 00007fff605c7fc2
0x0000000e46fff6e0:   0000000e45afef20 000001ac075ef1f0
0x0000000e46fff6f0:   0000000000000007 0000000000000007
0x0000000e46fff700:   000001ac075cc940 00007fff60af6237
0x0000000e46fff710:   000001abac3f0788 000001ac075ef1f0
0x0000000e46fff720:   0000000000000007 000001ac075cc940
0x0000000e46fff730:   0000000000000000 000001ac075ef1f0
0x0000000e46fff740:   0000000000000000 0000000000100000
0x0000000e46fff750:   0000000000000000 00007fff60a7265b
0x0000000e46fff760:   0000000e46f00000 00000000ffffffff
0x0000000e46fff770:   0000000000000000 0000000000000000
0x0000000e46fff780:   0000000000000004 0000000000001000
0x0000000e46fff790:   0000000400001000 0000000000020000
0x0000000e46fff7a0:   0000000000000000 00007fffdcc97dab
0x0000000e46fff7b0:   000001ac075ef1f0 0000000000000000 

Instructions: (pc=0x00007fff6081d910)
0x00007fff6081d810:   89 58 10 48 89 58 18 4c 89 38 eb 03 48 8b c3 48
0x00007fff6081d820:   8b d0 48 8b cd e8 66 55 0c 00 83 be a0 00 00 00
0x00007fff6081d830:   00 8b fb 4c 8b 7c 24 48 7e 55 4c 8d 35 ff 93 43
0x00007fff6081d840:   00 45 33 c0 b2 18 41 8d 48 28 e8 11 22 b1 ff 48
0x00007fff6081d850:   85 c0 74 23 48 63 d7 48 83 c2 38 c7 40 08 02 00
0x00007fff6081d860:   00 00 48 89 58 10 48 89 58 18 4c 89 30 48 8d 14
0x00007fff6081d870:   d6 48 89 50 20 eb 03 48 8b c3 48 8b d0 48 8b cd
0x00007fff6081d880:   e8 0b 55 0c 00 ff c7 3b be a0 00 00 00 7c b2 48
0x00007fff6081d890:   8b 5c 24 50 48 8b 6c 24 58 48 83 c4 20 41 5e 5f
0x00007fff6081d8a0:   5e c3 cc cc cc cc cc cc cc cc cc cc cc cc cc cc
0x00007fff6081d8b0:   48 63 c2 48 8b 84 c1 c0 01 00 00 c3 cc cc cc cc
0x00007fff6081d8c0:   48 89 5c 24 08 48 89 6c 24 10 48 89 74 24 18 57
0x00007fff6081d8d0:   41 54 41 55 41 56 41 57 48 83 ec 20 48 8b 99 88
0x00007fff6081d8e0:   00 00 00 44 0f b6 e2 48 85 db 0f 84 37 01 00 00
0x00007fff6081d8f0:   8b 0d 32 32 6c 00 65 48 8b 04 25 58 00 00 00 be
0x00007fff6081d900:   70 00 00 00 bd 20 00 00 00 4c 8d 2c c8 0f 1f 00
0x00007fff6081d910:   48 8b 8b 98 00 00 00 e8 24 3e c7 ff 84 c0 0f 85
0x00007fff6081d920:   22 01 00 00 45 84 e4 0f 84 ea 00 00 00 48 8b 05
0x00007fff6081d930:   ec b8 67 00 48 85 c0 0f 84 da 00 00 00 49 8b 7d
0x00007fff6081d940:   00 8b c6 80 3c 38 00 75 05 e8 a2 93 34 00 8b c5
0x00007fff6081d950:   48 8b 0c 38 48 8b 05 c5 b8 67 00 48 8b b9 20 03
0x00007fff6081d960:   00 00 48 8b 77 10 48 8b 6f 18 4c 8b 77 20 4c 8b
0x00007fff6081d970:   7f 28 48 85 c0 74 6b 8b 43 0c 83 f8 04 7f 18 8b
0x00007fff6081d980:   83 a4 00 00 00 c1 e8 1a a8 01 74 30 48 8b 4b 18
0x00007fff6081d990:   e8 cb f3 ff ff eb 3c 83 f8 06 75 20 48 8b 83 d8
0x00007fff6081d9a0:   00 00 00 8b 88 a4 00 00 00 c1 e9 1a f6 c1 01 74
0x00007fff6081d9b0:   0b 48 8b 4b 18 e8 a6 f3 ff ff eb 17 48 8b 4b 18
0x00007fff6081d9c0:   48 85 c9 75 09 48 8d 05 44 53 3e 00 eb 05 e8 cd
0x00007fff6081d9d0:   60 21 00 48 8b d0 48 8d 0d 23 79 46 00 e8 2e ff
0x00007fff6081d9e0:   e0 ff 48 83 3e 00 74 13 49 8b d7 48 8b cf e8 8d
0x00007fff6081d9f0:   7c b1 ff 48 8b ce e8 65 7c b1 ff 48 39 6f 18 74
0x00007fff6081da00:   0c 48 89 77 10 48 89 6f 18 4c 89 77 20 bd 20 00 


Stack slot to memory mapping:

stack at sp + 0 slots: 0x00007fff00000000 is an unknown value
stack at sp + 1 slots: 0x000001abac20ef50 points into unknown readable memory: 0x0000000300000001 | 01 00 00 00 03 00 00 00
stack at sp + 2 slots: 0x000001abc33b3390 is a pointer to class: 
org.example.healthcare_s.repository.PatientRepository {0x000001abc33b3398}
 - instance size:     2
 - klass size:        62
 - access:            public interface abstract 
 - flags:             rewritten should_verify_class has_nonstatic_concrete_methods declares_nonstatic_concrete_methods has_localvariable_table has_miranda_methods 
 - state:             fully_initialized
 - name:              'org/example/healthcare_s/repository/PatientRepository'
 - super:             'java/lang/Object'
 - sub:               
 - nof implementors:  1
 - implementor:    
   'jdk/proxy2/$Proxy161'
 - arrays:            null
 - methods:           Array<T>(0x000001ac047a7b68)
 - method ordering:   Array<T>(0x000001abc2b32f30)
 - default_methods:   Array<T>(0x000001ac047a7c80)
 - default vtable indices:   Array<T>(0x000001ac047a5f10)
 - local interfaces:  Array<T>(0x000001ac047a5f00)
 - trans. interfaces: Array<T>(0x000001ac047a6330)
 - constants:         constant pool [148] {0x000001ac047a7658} for 'org/example/healthcare_s/repository/PatientRepository' cache=0x000001ac047a9198
 - class loader data:  loader data: 0x000001abc180e950 for instance a 'jdk/internal/loader/ClassLoaders$AppClassLoader'{0x0000000705cc0b98}
 - source file:       'PatientRepository.java'
 - class annotations:       Array<T>(0x000001ac047a6300)
 - generic signature: 'Ljava/lang/Object;Lorg/springframework/data/jpa/repository/JpaRepository<Lorg/example/healthcare_s/entity/Patient;Ljava/lang/Long;>;'
 - inner classes:     Array<T>(0x000001abc2613e88)
 - nest members:     Array<T>(0x000001abc2613e88)
 - permitted subclasses:     Array<T>(0x000001abc2613e88)
 - java mirror:       a 'java/lang/Class'{0x0000000706a7ffa0} = 'org/example/healthcare_s/repository/PatientRepository'
 - vtable length      5  (start addr: 0x000001abc33b3550)
 - itable length      0 (start addr: 0x000001abc33b3578)
 - ---- static fields (0 words):
 - ---- non-static fields (0 words):
 - non-static oop maps: 
stack at sp + 3 slots: 0x00007fff6081cadc jvm.dll
stack at sp + 4 slots: 0x00007fff60c85328 jvm.dll
stack at sp + 5 slots: 0x0 is null
stack at sp + 6 slots: 0x0 is null
stack at sp + 7 slots: 0x0000000000000030 is an unknown value


---------------  P R O C E S S  ---------------

Threads class SMR info:
_java_thread_list=0x000001ac0ab3a710, length=33, elements={
0x000001abc1713c80, 0x000001abc17146e0, 0x000001abc1716b80, 0x000001abc1717840,
0x000001abc17190f0, 0x000001abc171ae80, 0x000001abc171b8e0, 0x000001abc185d340,
0x000001ac072e4b50, 0x000001ac072e59d0, 0x000001ac0755b720, 0x000001ac075d3860,
0x000001ac07654660, 0x000001ac074f31c0, 0x000001ac0969a030, 0x000001ac09d7cdd0,
0x000001ac09d7e180, 0x000001ac09d7f530, 0x000001ac09d7e810, 0x000001ac09d7eea0,
0x000001ac09d7c740, 0x000001ac10009b20, 0x000001ac1000a840, 0x000001ac100080e0,
0x000001ac1000bbf0, 0x000001ac10008e00, 0x000001ac10009490, 0x000001ac1000aed0,
0x000001ac1000a1b0, 0x000001ac1000b560, 0x000001ac10008770, 0x000001ac1000e350,
0x000001ac1000c910
}

Java Threads: ( => current thread )
  0x000001abc1713c80 JavaThread "Reference Handler"          daemon [_thread_blocked, id=1484, stack(0x0000000e45b00000,0x0000000e45c00000) (1024K)]
  0x000001abc17146e0 JavaThread "Finalizer"                  daemon [_thread_blocked, id=15980, stack(0x0000000e45c00000,0x0000000e45d00000) (1024K)]
  0x000001abc1716b80 JavaThread "Signal Dispatcher"          daemon [_thread_blocked, id=13432, stack(0x0000000e45d00000,0x0000000e45e00000) (1024K)]
  0x000001abc1717840 JavaThread "Attach Listener"            daemon [_thread_blocked, id=17068, stack(0x0000000e45e00000,0x0000000e45f00000) (1024K)]
  0x000001abc17190f0 JavaThread "Service Thread"             daemon [_thread_blocked, id=22600, stack(0x0000000e45f00000,0x0000000e46000000) (1024K)]
  0x000001abc171ae80 JavaThread "Monitor Deflation Thread"   daemon [_thread_blocked, id=14528, stack(0x0000000e46000000,0x0000000e46100000) (1024K)]
  0x000001abc171b8e0 JavaThread "C1 CompilerThread0"         daemon [_thread_blocked, id=11836, stack(0x0000000e46100000,0x0000000e46200000) (1024K)]
  0x000001abc185d340 JavaThread "Common-Cleaner"             daemon [_thread_blocked, id=21700, stack(0x0000000e46300000,0x0000000e46400000) (1024K)]
  0x000001ac072e4b50 JavaThread "Monitor Ctrl-Break"         daemon [_thread_in_native, id=7508, stack(0x0000000e46600000,0x0000000e46700000) (1024K)]
  0x000001ac072e59d0 JavaThread "Notification Thread"        daemon [_thread_blocked, id=10564, stack(0x0000000e46700000,0x0000000e46800000) (1024K)]
  0x000001ac0755b720 JavaThread "RMI TCP Accept-0"           daemon [_thread_in_native, id=19596, stack(0x0000000e46800000,0x0000000e46900000) (1024K)]
  0x000001ac075d3860 JavaThread "RMI Scheduler(0)"           daemon [_thread_blocked, id=16496, stack(0x0000000e46a00000,0x0000000e46b00000) (1024K)]
  0x000001ac07654660 JavaThread "JMX server connection timeout 34" daemon [_thread_blocked, id=14588, stack(0x0000000e47300000,0x0000000e47400000) (1024K)]
  0x000001ac074f31c0 JavaThread "mysql-cj-abandoned-connection-cleanup" daemon [_thread_blocked, id=2976, stack(0x0000000e47b00000,0x0000000e47c00000) (1024K)]
  0x000001ac0969a030 JavaThread "HikariPool-1 housekeeper"   daemon [_thread_blocked, id=26912, stack(0x0000000e47d00000,0x0000000e47e00000) (1024K)]
  0x000001ac09d7cdd0 JavaThread "Catalina-utility-1"                [_thread_blocked, id=16072, stack(0x0000000e46400000,0x0000000e46500000) (1024K)]
  0x000001ac09d7e180 JavaThread "Catalina-utility-2"                [_thread_blocked, id=28340, stack(0x0000000e46500000,0x0000000e46600000) (1024K)]
  0x000001ac09d7f530 JavaThread "container-0"                       [_thread_blocked, id=25720, stack(0x0000000e47e00000,0x0000000e47f00000) (1024K)]
  0x000001ac09d7e810 JavaThread "lettuce-timer-3-1"          daemon [_thread_blocked, id=3580, stack(0x0000000e48100000,0x0000000e48200000) (1024K)]
  0x000001ac09d7eea0 JavaThread "http-nio-8081-exec-1"       daemon [_thread_blocked, id=15380, stack(0x0000000e48300000,0x0000000e48400000) (1024K)]
  0x000001ac09d7c740 JavaThread "http-nio-8081-exec-2"       daemon [_thread_blocked, id=18672, stack(0x0000000e48400000,0x0000000e48500000) (1024K)]
  0x000001ac10009b20 JavaThread "http-nio-8081-exec-3"       daemon [_thread_blocked, id=18048, stack(0x0000000e48500000,0x0000000e48600000) (1024K)]
  0x000001ac1000a840 JavaThread "http-nio-8081-exec-4"       daemon [_thread_blocked, id=22092, stack(0x0000000e48600000,0x0000000e48700000) (1024K)]
  0x000001ac100080e0 JavaThread "http-nio-8081-exec-5"       daemon [_thread_blocked, id=14260, stack(0x0000000e48700000,0x0000000e48800000) (1024K)]
  0x000001ac1000bbf0 JavaThread "http-nio-8081-exec-6"       daemon [_thread_blocked, id=28544, stack(0x0000000e48800000,0x0000000e48900000) (1024K)]
  0x000001ac10008e00 JavaThread "http-nio-8081-exec-7"       daemon [_thread_blocked, id=12916, stack(0x0000000e48900000,0x0000000e48a00000) (1024K)]
  0x000001ac10009490 JavaThread "http-nio-8081-exec-8"       daemon [_thread_blocked, id=18308, stack(0x0000000e48a00000,0x0000000e48b00000) (1024K)]
  0x000001ac1000aed0 JavaThread "http-nio-8081-exec-9"       daemon [_thread_blocked, id=27512, stack(0x0000000e48b00000,0x0000000e48c00000) (1024K)]
  0x000001ac1000a1b0 JavaThread "http-nio-8081-exec-10"      daemon [_thread_blocked, id=29548, stack(0x0000000e48c00000,0x0000000e48d00000) (1024K)]
  0x000001ac1000b560 JavaThread "http-nio-8081-Poller"       daemon [_thread_in_native, id=1580, stack(0x0000000e48d00000,0x0000000e48e00000) (1024K)]
  0x000001ac10008770 JavaThread "http-nio-8081-Acceptor"     daemon [_thread_in_native, id=27156, stack(0x0000000e48e00000,0x0000000e48f00000) (1024K)]
  0x000001ac1000e350 JavaThread "DestroyJavaVM"                     [_thread_blocked, id=18988, stack(0x0000000e45300000,0x0000000e45400000) (1024K)]
  0x000001ac1000c910 JavaThread "RMI TCP Connection(10)-99.97.99.108" daemon [_thread_in_native, id=3296, stack(0x0000000e45100000,0x0000000e45200000) (1024K)]
Total: 33

Other Threads:
  0x000001abc15dc380 VMThread "VM Thread"                           [id=9600, stack(0x0000000e45a00000,0x0000000e45b00000) (1024K)]
  0x000001abc15ca640 WatcherThread "VM Periodic Task Thread"        [id=28164, stack(0x0000000e45900000,0x0000000e45a00000) (1024K)]
  0x000001abac450c00 WorkerThread "GC Thread#0"                     [id=28684, stack(0x0000000e45400000,0x0000000e45500000) (1024K)]
  0x000001ac075d4340 WorkerThread "GC Thread#1"                     [id=28416, stack(0x0000000e46b00000,0x0000000e46c00000) (1024K)]
  0x000001ac0758fc70 WorkerThread "GC Thread#2"                     [id=2992, stack(0x0000000e46c00000,0x0000000e46d00000) (1024K)]
  0x000001ac07590020 WorkerThread "GC Thread#3"                     [id=14188, stack(0x0000000e46d00000,0x0000000e46e00000) (1024K)]
  0x000001ac075903d0 WorkerThread "GC Thread#4"                     [id=29128, stack(0x0000000e46e00000,0x0000000e46f00000) (1024K)]
=>0x000001ac075ef1f0 WorkerThread "GC Thread#5"                     [id=21496, stack(0x0000000e46f00000,0x0000000e47000000) (1024K)]
  0x000001ac0763f580 WorkerThread "GC Thread#6"                     [id=16756, stack(0x0000000e47000000,0x0000000e47100000) (1024K)]
  0x000001ac0763f930 WorkerThread "GC Thread#7"                     [id=20664, stack(0x0000000e47100000,0x0000000e47200000) (1024K)]
  0x000001ac0763fce0 WorkerThread "GC Thread#8"                     [id=26352, stack(0x0000000e47200000,0x0000000e47300000) (1024K)]
  0x000001ac07bd7110 WorkerThread "GC Thread#9"                     [id=26608, stack(0x0000000e47400000,0x0000000e47500000) (1024K)]
  0x000001abac4626f0 ConcurrentGCThread "G1 Main Marker"            [id=24336, stack(0x0000000e45500000,0x0000000e45600000) (1024K)]
  0x000001abac464ce0 WorkerThread "G1 Conc#0"                       [id=7288, stack(0x0000000e45600000,0x0000000e45700000) (1024K)]
  0x000001ac07df27e0 WorkerThread "G1 Conc#1"                       [id=6932, stack(0x0000000e47500000,0x0000000e47600000) (1024K)]
  0x000001ac07df06b0 WorkerThread "G1 Conc#2"                       [id=27032, stack(0x0000000e47a00000,0x0000000e47b00000) (1024K)]
  0x000001abc149d990 ConcurrentGCThread "G1 Refine#0"               [id=23604, stack(0x0000000e45700000,0x0000000e45800000) (1024K)]
  0x000001abc14a21e0 ConcurrentGCThread "G1 Service"                [id=11596, stack(0x0000000e45800000,0x0000000e45900000) (1024K)]
Total: 18

Threads with active compile tasks:
Total: 0

VM state: at safepoint (normal execution)

VM Mutex/Monitor currently owned by a thread:  ([mutex/lock_event])
[0x00007fff60eb0df0] Threads_lock - owner thread: 0x000001abc15dc380
[0x00007fff60eb0ef0] Heap_lock - owner thread: 0x000001abac4626f0

Heap address: 0x0000000705800000, size: 4008 MB, Compressed Oops mode: Zero based, Oop shift amount: 3

CDS archive(s) mapped at: [0x000001abc2000000-0x000001abc2c90000-0x000001abc2c90000), size 13172736, SharedBaseAddress: 0x000001abc2000000, ArchiveRelocationMode: 1.
Compressed class space mapped at: 0x000001abc3000000-0x000001ac03000000, reserved size: 1073741824
Narrow klass base: 0x000001abc2000000, Narrow klass shift: 0, Narrow klass range: 0x100000000

GC Precious Log:
 CardTable entry size: 512
 Card Set container configuration: InlinePtr #cards 4 size 8 Array Of Cards #cards 16 size 48 Howl #buckets 8 coarsen threshold 3686 Howl Bitmap #cards 512 size 80 coarsen threshold 460 Card regions per heap region 1 cards per card region 4096
 CPUs: 12 total, 12 available
 Memory: 16024M
 Large Page Support: Disabled
 NUMA Support: Disabled
 Compressed Oops: Enabled (Zero based)
 Heap Region Size: 2M
 Heap Min Capacity: 8M
 Heap Initial Capacity: 252M
 Heap Max Capacity: 4008M
 Pre-touch: Disabled
 Parallel Workers: 10
 Concurrent Workers: 3
 Concurrent Refinement Workers: 10
 Periodic GC: Disabled

Heap:
 garbage-first heap   total 90112K, used 42863K [0x0000000705800000, 0x0000000800000000)
  region size 2048K, 3 young (6144K), 2 survivors (4096K)
 Metaspace       used 87307K, committed 88448K, reserved 1179648K
  class space    used 12478K, committed 12928K, reserved 1048576K

Heap Regions: E=young(eden), S=young(survivor), O=old, HS=humongous(starts), HC=humongous(continues), CS=collection set, F=free, TAMS=top-at-mark-start, PB=parsable bottom
|   0|0x0000000705800000, 0x0000000705a00000, 0x0000000705a00000|100%| O|  |TAMS 0x0000000705a00000| PB 0x0000000705800000| Untracked 
|   1|0x0000000705a00000, 0x0000000705c00000, 0x0000000705c00000|100%| O|  |TAMS 0x0000000705c00000| PB 0x0000000705a00000| Untracked 
|   2|0x0000000705c00000, 0x0000000705e00000, 0x0000000705e00000|100%| O|  |TAMS 0x0000000705e00000| PB 0x0000000705c00000| Untracked 
|   3|0x0000000705e00000, 0x0000000706000000, 0x0000000706000000|100%| O|  |TAMS 0x0000000706000000| PB 0x0000000705e00000| Untracked 
|   4|0x0000000706000000, 0x0000000706200000, 0x0000000706200000|100%| O|  |TAMS 0x0000000706200000| PB 0x0000000706000000| Untracked 
|   5|0x0000000706200000, 0x0000000706400000, 0x0000000706400000|100%| O|  |TAMS 0x0000000706400000| PB 0x0000000706200000| Untracked 
|   6|0x0000000706400000, 0x0000000706600000, 0x0000000706600000|100%| O|  |TAMS 0x0000000706600000| PB 0x0000000706400000| Untracked 
|   7|0x0000000706600000, 0x0000000706800000, 0x0000000706800000|100%| O|  |TAMS 0x0000000706800000| PB 0x0000000706600000| Untracked 
|   8|0x0000000706800000, 0x0000000706a00000, 0x0000000706a00000|100%| O|  |TAMS 0x0000000706a00000| PB 0x0000000706800000| Untracked 
|   9|0x0000000706a00000, 0x0000000706c00000, 0x0000000706c00000|100%| O|  |TAMS 0x0000000706c00000| PB 0x0000000706a00000| Untracked 
|  10|0x0000000706c00000, 0x0000000706c00000, 0x0000000706e00000|  0%| F|  |TAMS 0x0000000706c00000| PB 0x0000000706c00000| Untracked 
|  11|0x0000000706e00000, 0x0000000707000000, 0x0000000707000000|100%| O|  |TAMS 0x0000000707000000| PB 0x0000000706e00000| Untracked 
|  12|0x0000000707000000, 0x0000000707200000, 0x0000000707200000|100%| O|  |TAMS 0x0000000707200000| PB 0x0000000707000000| Untracked 
|  13|0x0000000707200000, 0x0000000707200000, 0x0000000707400000|  0%| F|  |TAMS 0x0000000707200000| PB 0x0000000707200000| Untracked 
|  14|0x0000000707400000, 0x0000000707600000, 0x0000000707600000|100%| O|  |TAMS 0x0000000707600000| PB 0x0000000707400000| Untracked 
|  15|0x0000000707600000, 0x000000070772f838, 0x0000000707800000| 59%| O|  |TAMS 0x000000070772f838| PB 0x0000000707600000| Untracked 
|  16|0x0000000707800000, 0x0000000707a00000, 0x0000000707a00000|100%| O|  |TAMS 0x0000000707a00000| PB 0x0000000707800000| Untracked 
|  17|0x0000000707a00000, 0x0000000707a00000, 0x0000000707c00000|  0%| F|  |TAMS 0x0000000707a00000| PB 0x0000000707a00000| Untracked 
|  18|0x0000000707c00000, 0x0000000707e00000, 0x0000000707e00000|100%| O|  |TAMS 0x0000000707e00000| PB 0x0000000707c00000| Untracked 
|  19|0x0000000707e00000, 0x0000000707eac4b0, 0x0000000708000000| 33%| S|CS|TAMS 0x0000000707e00000| PB 0x0000000707e00000| Complete 
|  20|0x0000000708000000, 0x0000000708200000, 0x0000000708200000|100%| O|  |TAMS 0x0000000708200000| PB 0x0000000708000000| Untracked 
|  21|0x0000000708200000, 0x0000000708400000, 0x0000000708400000|100%| O|  |TAMS 0x0000000708400000| PB 0x0000000708200000| Untracked 
|  22|0x0000000708400000, 0x0000000708400000, 0x0000000708600000|  0%| F|  |TAMS 0x0000000708400000| PB 0x0000000708400000| Untracked 
|  23|0x0000000708600000, 0x0000000708800000, 0x0000000708800000|100%| O|  |TAMS 0x0000000708800000| PB 0x0000000708600000| Untracked 
|  24|0x0000000708800000, 0x0000000708800000, 0x0000000708a00000|  0%| F|  |TAMS 0x0000000708800000| PB 0x0000000708800000| Untracked 
|  25|0x0000000708a00000, 0x0000000708c00000, 0x0000000708c00000|100%| S|CS|TAMS 0x0000000708a00000| PB 0x0000000708a00000| Complete 
|  26|0x0000000708c00000, 0x0000000708c00000, 0x0000000708e00000|  0%| F|  |TAMS 0x0000000708c00000| PB 0x0000000708c00000| Untracked 
|  27|0x0000000708e00000, 0x0000000708e00000, 0x0000000709000000|  0%| F|  |TAMS 0x0000000708e00000| PB 0x0000000708e00000| Untracked 
|  28|0x0000000709000000, 0x0000000709000000, 0x0000000709200000|  0%| F|  |TAMS 0x0000000709000000| PB 0x0000000709000000| Untracked 
|  29|0x0000000709200000, 0x0000000709200000, 0x0000000709400000|  0%| F|  |TAMS 0x0000000709200000| PB 0x0000000709200000| Untracked 
|  30|0x0000000709400000, 0x0000000709400000, 0x0000000709600000|  0%| F|  |TAMS 0x0000000709400000| PB 0x0000000709400000| Untracked 
|  31|0x0000000709600000, 0x0000000709600000, 0x0000000709800000|  0%| F|  |TAMS 0x0000000709600000| PB 0x0000000709600000| Untracked 
|  32|0x0000000709800000, 0x0000000709800000, 0x0000000709a00000|  0%| F|  |TAMS 0x0000000709800000| PB 0x0000000709800000| Untracked 
|  33|0x0000000709a00000, 0x0000000709a00000, 0x0000000709c00000|  0%| F|  |TAMS 0x0000000709a00000| PB 0x0000000709a00000| Untracked 
|  34|0x0000000709c00000, 0x0000000709c00000, 0x0000000709e00000|  0%| F|  |TAMS 0x0000000709c00000| PB 0x0000000709c00000| Untracked 
|  35|0x0000000709e00000, 0x0000000709e00000, 0x000000070a000000|  0%| F|  |TAMS 0x0000000709e00000| PB 0x0000000709e00000| Untracked 
|  36|0x000000070a000000, 0x000000070a000000, 0x000000070a200000|  0%| F|  |TAMS 0x000000070a000000| PB 0x000000070a000000| Untracked 
|  37|0x000000070a200000, 0x000000070a200000, 0x000000070a400000|  0%| F|  |TAMS 0x000000070a200000| PB 0x000000070a200000| Untracked 
|  95|0x0000000711600000, 0x0000000711600000, 0x0000000711800000|  0%| F|  |TAMS 0x0000000711600000| PB 0x0000000711600000| Untracked 
|  96|0x0000000711800000, 0x0000000711800000, 0x0000000711a00000|  0%| F|  |TAMS 0x0000000711800000| PB 0x0000000711800000| Untracked 
|  97|0x0000000711a00000, 0x0000000711a00000, 0x0000000711c00000|  0%| F|  |TAMS 0x0000000711a00000| PB 0x0000000711a00000| Untracked 
|  98|0x0000000711c00000, 0x0000000711c00000, 0x0000000711e00000|  0%| F|  |TAMS 0x0000000711c00000| PB 0x0000000711c00000| Untracked 
| 125|0x0000000715200000, 0x00000007152f6b50, 0x0000000715400000| 48%| E|  |TAMS 0x0000000715200000| PB 0x0000000715200000| Complete 
|2003|0x00000007ffe00000, 0x0000000800000000, 0x0000000800000000|100%| O|  |TAMS 0x0000000800000000| PB 0x00000007ffe00000| Untracked 

Card table byte_map: [0x000001abba330000,0x000001abbab10000] _byte_map_base: 0x000001abb6b04000

Marking Bits: (CMBitMap*) 0x000001abac451220
 Bits: [0x000001abbab10000, 0x000001abbe9b0000)

Polling page: 0x000001abac490000

Metaspace:

Usage:
  Non-class:     73.08 MB used.
      Class:     12.19 MB used.
       Both:     85.26 MB used.

Virtual space:
  Non-class space:      128.00 MB reserved,      73.75 MB ( 58%) committed,  2 nodes.
      Class space:        1.00 GB reserved,      12.62 MB (  1%) committed,  1 nodes.
             Both:        1.12 GB reserved,      86.38 MB (  7%) committed. 

Chunk freelists:
   Non-Class:  5.69 MB
       Class:  3.46 MB
        Both:  9.15 MB

MaxMetaspaceSize: unlimited
CompressedClassSpaceSize: 1.00 GB
Initial GC threshold: 21.00 MB
Current GC threshold: 144.00 MB
CDS: on
 - commit_granule_bytes: 65536.
 - commit_granule_words: 8192.
 - virtual_space_node_default_size: 8388608.
 - enlarge_chunks_in_place: 1.
 - use_allocation_guard: 0.


Internal statistics:

num_allocs_failed_limit: 6.
num_arena_births: 1596.
num_arena_deaths: 612.
num_vsnodes_births: 3.
num_vsnodes_deaths: 0.
num_space_committed: 1382.
num_space_uncommitted: 0.
num_chunks_returned_to_freelist: 713.
num_chunks_taken_from_freelist: 5021.
num_chunk_merges: 183.
num_chunk_splits: 3448.
num_chunks_enlarged: 2647.
num_inconsistent_stats: 0.

CodeCache: size=49152Kb used=18654Kb max_used=19665Kb free=30498Kb
 bounds [0x000001abb6050000, 0x000001abb73c0000, 0x000001abb9050000]
 total_blobs=11736 nmethods=10977 adapters=682
 compilation: enabled
              stopped_count=0, restarted_count=0
 full_count=0

Compilation events (20 events):
Event: 3867.296 Thread 0x000001abc171b8e0 11110       1       org.apache.tomcat.util.collections.ManagedConcurrentWeakHashMap::maintain (44 bytes)
Event: 3867.297 Thread 0x000001abc171b8e0 nmethod 11110 0x000001abb72a7110 code [0x000001abb72a72c0, 0x000001abb72a7480]
Event: 3867.297 Thread 0x000001abc171b8e0 11111  s    1       org.apache.catalina.core.StandardWrapper::backgroundProcess (38 bytes)
Event: 3867.298 Thread 0x000001abc171b8e0 nmethod 11111 0x000001abb72a6b10 code [0x000001abb72a6ce0, 0x000001abb72a7008]
Event: 4022.474 Thread 0x000001abc171b8e0 11112       1       java.lang.ThreadGroup::getMaxPriority (5 bytes)
Event: 4022.474 Thread 0x000001abc171b8e0 nmethod 11112 0x000001abb72a6810 code [0x000001abb72a69a0, 0x000001abb72a6a68]
Event: 4358.729 Thread 0x000001abc171b8e0 11113       1       java.util.concurrent.atomic.AtomicReference::<init> (5 bytes)
Event: 4358.729 Thread 0x000001abc171b8e0 nmethod 11113 0x000001abb72a6510 code [0x000001abb72a66a0, 0x000001abb72a6768]
Event: 4358.853 Thread 0x000001abc171b8e0 11114       1       java.text.SimpleDateFormat::subFormat (1264 bytes)
Event: 4358.868 Thread 0x000001abc171b8e0 nmethod 11114 0x000001abb72a1810 code [0x000001abb72a1de0, 0x000001abb72a47c8]
Event: 4358.869 Thread 0x000001abc171b8e0 11115       1       sun.util.cldr.CLDRTimeZoneNameProviderImpl::exists (31 bytes)
Event: 4358.870 Thread 0x000001abc171b8e0 nmethod 11115 0x000001abb72a1410 code [0x000001abb72a15a0, 0x000001abb72a1708]
Event: 4358.870 Thread 0x000001abc171b8e0 11117       1       java.util.Objects::isNull (10 bytes)
Event: 4358.870 Thread 0x000001abc171b8e0 nmethod 11117 0x000001abb72a1110 code [0x000001abb72a12a0, 0x000001abb72a1358]
Event: 4358.870 Thread 0x000001abc171b8e0 11118       1       java.util.Locale::getBaseLocale (5 bytes)
Event: 4358.871 Thread 0x000001abc171b8e0 nmethod 11118 0x000001abb72a0e10 code [0x000001abb72a0fa0, 0x000001abb72a1070]
Event: 4358.871 Thread 0x000001abc171b8e0 11116       1       sun.util.locale.provider.LocaleProviderAdapter$Type::getUtilResourcesPackage (5 bytes)
Event: 4358.871 Thread 0x000001abc171b8e0 nmethod 11116 0x000001abb72a0b10 code [0x000001abb72a0ca0, 0x000001abb72a0d70]
Event: 4358.893 Thread 0x000001abc171b8e0 11119       1       org.springframework.web.servlet.handler.HandlerMappingIntrospector$AttributesPreservingRequest::initAttributes (57 bytes)
Event: 4358.895 Thread 0x000001abc171b8e0 nmethod 11119 0x000001abb72a0410 code [0x000001abb72a0600, 0x000001abb72a0930]

GC Heap History (20 events):
Event: 29.118 GC heap before
{Heap before GC invocations=19 (full 0):
 garbage-first heap   total 83968K, used 72057K [0x0000000705800000, 0x0000000800000000)
  region size 2048K, 18 young (36864K), 2 survivors (4096K)
 Metaspace       used 78499K, committed 79360K, reserved 1179648K
  class space    used 11291K, committed 11648K, reserved 1048576K
}
Event: 29.127 GC heap after
{Heap after GC invocations=20 (full 0):
 garbage-first heap   total 83968K, used 41552K [0x0000000705800000, 0x0000000800000000)
  region size 2048K, 3 young (6144K), 3 survivors (6144K)
 Metaspace       used 78499K, committed 79360K, reserved 1179648K
  class space    used 11291K, committed 11648K, reserved 1048576K
}
Event: 30.224 GC heap before
{Heap before GC invocations=20 (full 0):
 garbage-first heap   total 83968K, used 68176K [0x0000000705800000, 0x0000000800000000)
  region size 2048K, 16 young (32768K), 3 survivors (6144K)
 Metaspace       used 80616K, committed 81536K, reserved 1179648K
  class space    used 11549K, committed 11968K, reserved 1048576K
}
Event: 30.236 GC heap after
{Heap after GC invocations=21 (full 0):
 garbage-first heap   total 83968K, used 43749K [0x0000000705800000, 0x0000000800000000)
  region size 2048K, 2 young (4096K), 2 survivors (4096K)
 Metaspace       used 80616K, committed 81536K, reserved 1179648K
  class space    used 11549K, committed 11968K, reserved 1048576K
}
Event: 53.342 GC heap before
{Heap before GC invocations=21 (full 0):
 garbage-first heap   total 83968K, used 68325K [0x0000000705800000, 0x0000000800000000)
  region size 2048K, 15 young (30720K), 2 survivors (4096K)
 Metaspace       used 82040K, committed 83008K, reserved 1179648K
  class space    used 11782K, committed 12224K, reserved 1048576K
}
Event: 53.352 GC heap after
{Heap after GC invocations=22 (full 0):
 garbage-first heap   total 83968K, used 45746K [0x0000000705800000, 0x0000000800000000)
  region size 2048K, 1 young (2048K), 1 survivors (2048K)
 Metaspace       used 82040K, committed 83008K, reserved 1179648K
  class space    used 11782K, committed 12224K, reserved 1048576K
}
Event: 296.780 GC heap before
{Heap before GC invocations=23 (full 0):
 garbage-first heap   total 83968K, used 72370K [0x0000000705800000, 0x0000000800000000)
  region size 2048K, 15 young (30720K), 1 survivors (2048K)
 Metaspace       used 86425K, committed 87296K, reserved 1179648K
  class space    used 12369K, committed 12800K, reserved 1048576K
}
Event: 296.787 GC heap after
{Heap after GC invocations=24 (full 0):
 garbage-first heap   total 83968K, used 46834K [0x0000000705800000, 0x0000000800000000)
  region size 2048K, 2 young (4096K), 2 survivors (4096K)
 Metaspace       used 86425K, committed 87296K, reserved 1179648K
  class space    used 12369K, committed 12800K, reserved 1048576K
}
Event: 1135.543 GC heap before
{Heap before GC invocations=24 (full 0):
 garbage-first heap   total 83968K, used 71410K [0x0000000705800000, 0x0000000800000000)
  region size 2048K, 14 young (28672K), 2 survivors (4096K)
 Metaspace       used 86735K, committed 87680K, reserved 1179648K
  class space    used 12424K, committed 12864K, reserved 1048576K
}
Event: 1135.554 GC heap after
{Heap after GC invocations=25 (full 0):
 garbage-first heap   total 83968K, used 45737K [0x0000000705800000, 0x0000000800000000)
  region size 2048K, 1 young (2048K), 1 survivors (2048K)
 Metaspace       used 86735K, committed 87680K, reserved 1179648K
  class space    used 12424K, committed 12864K, reserved 1048576K
}
Event: 1213.372 GC heap before
{Heap before GC invocations=25 (full 0):
 garbage-first heap   total 83968K, used 72361K [0x0000000705800000, 0x0000000800000000)
  region size 2048K, 15 young (30720K), 1 survivors (2048K)
 Metaspace       used 87575K, committed 88448K, reserved 1179648K
  class space    used 12543K, committed 12928K, reserved 1048576K
}
Event: 1213.378 GC heap after
{Heap after GC invocations=26 (full 0):
 garbage-first heap   total 83968K, used 46314K [0x0000000705800000, 0x0000000800000000)
  region size 2048K, 2 young (4096K), 2 survivors (4096K)
 Metaspace       used 87575K, committed 88448K, reserved 1179648K
  class space    used 12543K, committed 12928K, reserved 1048576K
}
Event: 1334.185 GC heap before
{Heap before GC invocations=27 (full 0):
 garbage-first heap   total 86016K, used 70890K [0x0000000705800000, 0x0000000800000000)
  region size 2048K, 14 young (28672K), 2 survivors (4096K)
 Metaspace       used 87275K, committed 88448K, reserved 1179648K
  class space    used 12468K, committed 12928K, reserved 1048576K
}
Event: 1334.191 GC heap after
{Heap after GC invocations=28 (full 0):
 garbage-first heap   total 86016K, used 46153K [0x0000000705800000, 0x0000000800000000)
  region size 2048K, 1 young (2048K), 1 survivors (2048K)
 Metaspace       used 87275K, committed 88448K, reserved 1179648K
  class space    used 12468K, committed 12928K, reserved 1048576K
}
Event: 1815.548 GC heap before
{Heap before GC invocations=28 (full 0):
 garbage-first heap   total 86016K, used 74825K [0x0000000705800000, 0x0000000800000000)
  region size 2048K, 16 young (32768K), 1 survivors (2048K)
 Metaspace       used 87305K, committed 88448K, reserved 1179648K
  class space    used 12477K, committed 12928K, reserved 1048576K
}
Event: 1815.562 GC heap after
{Heap after GC invocations=29 (full 0):
 garbage-first heap   total 90112K, used 44107K [0x0000000705800000, 0x0000000800000000)
  region size 2048K, 2 young (4096K), 2 survivors (4096K)
 Metaspace       used 87305K, committed 88448K, reserved 1179648K
  class space    used 12477K, committed 12928K, reserved 1048576K
}
Event: 2933.359 GC heap before
{Heap before GC invocations=29 (full 0):
 garbage-first heap   total 90112K, used 76875K [0x0000000705800000, 0x0000000800000000)
  region size 2048K, 18 young (36864K), 2 survivors (4096K)
 Metaspace       used 87305K, committed 88448K, reserved 1179648K
  class space    used 12477K, committed 12928K, reserved 1048576K
}
Event: 2933.375 GC heap after
{Heap after GC invocations=30 (full 0):
 garbage-first heap   total 90112K, used 42898K [0x0000000705800000, 0x0000000800000000)
  region size 2048K, 2 young (4096K), 2 survivors (4096K)
 Metaspace       used 87305K, committed 88448K, reserved 1179648K
  class space    used 12477K, committed 12928K, reserved 1048576K
}
Event: 4358.794 GC heap before
{Heap before GC invocations=30 (full 0):
 garbage-first heap   total 90112K, used 77714K [0x0000000705800000, 0x0000000800000000)
  region size 2048K, 19 young (38912K), 2 survivors (4096K)
 Metaspace       used 87307K, committed 88448K, reserved 1179648K
  class space    used 12478K, committed 12928K, reserved 1048576K
}
Event: 4358.822 GC heap after
{Heap after GC invocations=31 (full 0):
 garbage-first heap   total 90112K, used 42863K [0x0000000705800000, 0x0000000800000000)
  region size 2048K, 2 young (4096K), 2 survivors (4096K)
 Metaspace       used 87307K, committed 88448K, reserved 1179648K
  class space    used 12478K, committed 12928K, reserved 1048576K
}

Dll operation events (12 events):
Event: 0.031 Loaded shared library C:\Program Files\Java\jdk-21\bin\java.dll
Event: 0.390 Loaded shared library C:\Program Files\Java\jdk-21\bin\zip.dll
Event: 0.401 Loaded shared library C:\Program Files\Java\jdk-21\bin\instrument.dll
Event: 0.415 Loaded shared library C:\Program Files\Java\jdk-21\bin\net.dll
Event: 0.422 Loaded shared library C:\Program Files\Java\jdk-21\bin\nio.dll
Event: 0.432 Loaded shared library C:\Program Files\Java\jdk-21\bin\zip.dll
Event: 0.533 Loaded shared library C:\Program Files\Java\jdk-21\bin\jimage.dll
Event: 0.921 Loaded shared library C:\Program Files\Java\jdk-21\bin\extnet.dll
Event: 0.950 Loaded shared library C:\Program Files\Java\jdk-21\bin\management.dll
Event: 0.993 Loaded shared library C:\Program Files\Java\jdk-21\bin\management_ext.dll
Event: 4.912 Loaded shared library C:\Program Files\Java\jdk-21\bin\sunmscapi.dll
Event: 16.234 Loaded shared library C:\Program Files\Java\jdk-21\bin\verify.dll

Deoptimization events (12 events):
Event: 10.935 Thread 0x000001abac20d040 DEOPT PACKING pc=0x000001abb6891d94 sp=0x0000000e453fd240
Event: 10.935 Thread 0x000001abac20d040 DEOPT UNPACKING pc=0x000001abb60a4e42 sp=0x0000000e453fc6f8 mode 0
Event: 21.778 Thread 0x000001abac20d040 DEOPT PACKING pc=0x000001abb66bdd01 sp=0x0000000e453fac60
Event: 21.778 Thread 0x000001abac20d040 DEOPT UNPACKING pc=0x000001abb60a4e42 sp=0x0000000e453fa168 mode 3
Event: 22.173 Thread 0x000001abac20d040 DEOPT PACKING pc=0x000001abb66c48c4 sp=0x0000000e453fb2a0
Event: 22.173 Thread 0x000001abac20d040 DEOPT UNPACKING pc=0x000001abb60a4e42 sp=0x0000000e453fa7f8 mode 0
Event: 53.491 Thread 0x000001ac07565780 DEOPT PACKING pc=0x000001abb6aa10bc sp=0x0000000e469fe8e0
Event: 53.491 Thread 0x000001ac07565780 DEOPT UNPACKING pc=0x000001abb60a4e42 sp=0x0000000e469fdd78 mode 0
Event: 61.821 Thread 0x000001ac09d7daf0 DEOPT PACKING pc=0x000001abb6aa10bc sp=0x0000000e47ffecc0
Event: 61.821 Thread 0x000001ac09d7daf0 DEOPT UNPACKING pc=0x000001abb60a4e42 sp=0x0000000e47ffe158 mode 0
Event: 1136.044 Thread 0x000001ac1000aed0 DEOPT PACKING pc=0x000001abb61e3b1c sp=0x0000000e48bfabf0
Event: 1136.044 Thread 0x000001ac1000aed0 DEOPT UNPACKING pc=0x000001abb60a4e42 sp=0x0000000e48bfa0a0 mode 0

Classes loaded (20 events):
Event: 1148.139 Loading class java/util/function/IntBinaryOperator
Event: 1148.139 Loading class java/util/function/IntBinaryOperator done
Event: 1148.140 Loading class java/util/stream/ReduceOps$7
Event: 1148.140 Loading class java/util/stream/ReduceOps$7 done
Event: 1148.140 Loading class java/util/stream/ReduceOps$6ReducingSink
Event: 1148.141 Loading class java/util/stream/ReduceOps$6ReducingSink done
Event: 1148.141 Loading class java/util/stream/ReferencePipeline$4$1
Event: 1148.141 Loading class java/util/stream/ReferencePipeline$4$1 done
Event: 1770.832 Loading class java/security/SignatureException
Event: 1770.833 Loading class java/security/SignatureException done
Event: 1770.834 Loading class javax/net/ssl/SSLSocket
Event: 1770.835 Loading class javax/net/ssl/SSLSocket done
Event: 1770.835 Loading class java/security/spec/InvalidKeySpecException
Event: 1770.836 Loading class java/security/spec/InvalidKeySpecException done
Event: 1770.836 Loading class javax/crypto/NoSuchPaddingException
Event: 1770.836 Loading class javax/crypto/NoSuchPaddingException done
Event: 1770.836 Loading class javax/crypto/IllegalBlockSizeException
Event: 1770.836 Loading class javax/crypto/IllegalBlockSizeException done
Event: 1770.836 Loading class javax/crypto/BadPaddingException
Event: 1770.837 Loading class javax/crypto/BadPaddingException done

Classes unloaded (20 events):
Event: 1213.441 Thread 0x000001abc15dc380 Unloading class 0x000001abc300ac00 'java/lang/invoke/LambdaForm$MH+0x000001abc300ac00'
Event: 1213.441 Thread 0x000001abc15dc380 Unloading class 0x000001abc300a400 'java/lang/invoke/LambdaForm$MH+0x000001abc300a400'
Event: 1213.441 Thread 0x000001abc15dc380 Unloading class 0x000001abc3009800 'java/lang/invoke/LambdaForm$MH+0x000001abc3009800'
Event: 1213.441 Thread 0x000001abc15dc380 Unloading class 0x000001abc3008400 'java/lang/invoke/LambdaForm$MH+0x000001abc3008400'
Event: 1213.441 Thread 0x000001abc15dc380 Unloading class 0x000001abc3008000 'java/lang/invoke/LambdaForm$MH+0x000001abc3008000'
Event: 1213.441 Thread 0x000001abc15dc380 Unloading class 0x000001abc3007800 'java/lang/invoke/LambdaForm$MH+0x000001abc3007800'
Event: 1213.441 Thread 0x000001abc15dc380 Unloading class 0x000001abc3007000 'java/lang/invoke/LambdaForm$MH+0x000001abc3007000'
Event: 1213.441 Thread 0x000001abc15dc380 Unloading class 0x000001abc3006800 'java/lang/invoke/LambdaForm$MH+0x000001abc3006800'
Event: 1213.441 Thread 0x000001abc15dc380 Unloading class 0x000001abc3006000 'java/lang/invoke/LambdaForm$MH+0x000001abc3006000'
Event: 1213.441 Thread 0x000001abc15dc380 Unloading class 0x000001abc3005800 'java/lang/invoke/LambdaForm$MH+0x000001abc3005800'
Event: 4358.957 Thread 0x000001abc15dc380 Unloading class 0x000001abc3c01400 'java/lang/invoke/LambdaForm$MH+0x000001abc3c01400'
Event: 4358.957 Thread 0x000001abc15dc380 Unloading class 0x000001abc3b8c000 'java/lang/invoke/LambdaForm$MH+0x000001abc3b8c000'
Event: 4358.958 Thread 0x000001abc15dc380 Unloading class 0x000001abc32d6c00 'jdk/internal/reflect/GeneratedSerializationConstructorAccessor18'
Event: 4358.958 Thread 0x000001abc15dc380 Unloading class 0x000001abc32d6800 'jdk/internal/reflect/GeneratedSerializationConstructorAccessor17'
Event: 4358.958 Thread 0x000001abc15dc380 Unloading class 0x000001abc32d6400 'jdk/internal/reflect/GeneratedSerializationConstructorAccessor16'
Event: 4358.958 Thread 0x000001abc15dc380 Unloading class 0x000001abc32d6000 'jdk/internal/reflect/GeneratedSerializationConstructorAccessor15'
Event: 4358.958 Thread 0x000001abc15dc380 Unloading class 0x000001abc32d5c00 'jdk/internal/reflect/GeneratedSerializationConstructorAccessor14'
Event: 4358.958 Thread 0x000001abc15dc380 Unloading class 0x000001abc32d5800 'jdk/internal/reflect/GeneratedSerializationConstructorAccessor13'
Event: 4358.958 Thread 0x000001abc15dc380 Unloading class 0x000001abc30da400 'jdk/internal/reflect/GeneratedSerializationConstructorAccessor10'
Event: 4358.958 Thread 0x000001abc15dc380 Unloading class 0x000001abc30da000 'jdk/internal/reflect/GeneratedSerializationConstructorAccessor9'

Classes redefined (0 events):
No events

Internal exceptions (20 events):
Event: 29.269 Thread 0x000001abac20d040 Exception <a 'java/lang/NoSuchMethodError'{0x0000000711cbf028}: 'int java.lang.invoke.DirectMethodHandle$Holder.invokeStaticInit(java.lang.Object, java.lang.Object, java.lang.Object, java.lang.Object)'> (0x0000000711cbf028) 
thrown [s\open\src\hotspot\share\interpreter\linkResolver.cpp, line 773]
Event: 29.371 Thread 0x000001abac20d040 Exception <a 'java/lang/NoSuchMethodError'{0x0000000711b0a910}: 'java.lang.Object java.lang.invoke.DirectMethodHandle$Holder.invokeVirtual(java.lang.Object, java.lang.Object, java.lang.Object, java.lang.Object, java.lang.Object, java.lang.Object, java.lang.Object, java.lang.Object, java.lang.Object)'> (0x0000000711b0a910) 
thrown [s\open\src\hotspot\share\interpreter\linkResolver.cpp, line 773]
Event: 30.068 Thread 0x000001abac20d040 Exception <a 'java/lang/IncompatibleClassChangeError'{0x00000007095f9ba8}: Found class java.lang.Object, but interface was expected> (0x00000007095f9ba8) 
thrown [s\open\src\hotspot\share\interpreter\linkResolver.cpp, line 840]
Event: 30.953 Thread 0x000001abac20d040 Exception <a 'java/lang/NoSuchMethodError'{0x0000000709463b00}: 'java.lang.Object java.lang.invoke.DirectMethodHandle$Holder.newInvokeSpecial(java.lang.Object, java.lang.Object, int, java.lang.Object, java.lang.Object)'> (0x0000000709463b00) 
thrown [s\open\src\hotspot\share\interpreter\linkResolver.cpp, line 773]
Event: 31.171 Thread 0x000001ac07565780 Exception <a 'java/lang/NoSuchMethodError'{0x0000000709104be0}: 'java.lang.Object java.lang.invoke.DirectMethodHandle$Holder.invokeInterface(java.lang.Object, java.lang.Object, java.lang.Object, java.lang.Object, java.lang.Object, java.lang.Object, java.lang.Object)'> (0x0000000709104be0) 
thrown [s\open\src\hotspot\share\interpreter\linkResolver.cpp, line 773]
Event: 53.498 Thread 0x000001ac09d7eea0 Exception <a 'java/lang/NoSuchMethodError'{0x000000071536cb08}: 'java.lang.Object java.lang.invoke.DirectMethodHandle$Holder.invokeSpecial(java.lang.Object, java.lang.Object, java.lang.Object, java.lang.Object, java.lang.Object, long)'> (0x000000071536cb08) 
thrown [s\open\src\hotspot\share\interpreter\linkResolver.cpp, line 773]
Event: 53.498 Thread 0x000001ac09d7eea0 Exception <a 'java/lang/NoSuchMethodError'{0x0000000715370540}: 'java.lang.Object java.lang.invoke.Invokers$Holder.linkToTargetMethod(java.lang.Object, java.lang.Object, java.lang.Object, long, java.lang.Object)'> (0x0000000715370540) 
thrown [s\open\src\hotspot\share\interpreter\linkResolver.cpp, line 773]
Event: 54.368 Thread 0x000001ac09d7c740 Exception <a 'java/lang/NoSuchMethodError'{0x0000000709e37350}: 'int java.lang.invoke.DirectMethodHandle$Holder.invokeStatic(java.lang.Object, java.lang.Object, int, int)'> (0x0000000709e37350) 
thrown [s\open\src\hotspot\share\interpreter\linkResolver.cpp, line 773]
Event: 54.438 Thread 0x000001ac09d7c740 Exception <a 'java/lang/NoSuchMethodError'{0x0000000709ecc868}: 'java.lang.Object java.lang.invoke.DirectMethodHandle$Holder.invokeInterface(java.lang.Object, java.lang.Object, java.lang.Object, java.lang.Object)'> (0x0000000709ecc868) 
thrown [s\open\src\hotspot\share\interpreter\linkResolver.cpp, line 773]
Event: 54.988 Thread 0x000001ac09d7c740 Exception <a 'java/lang/NoSuchMethodError'{0x000000070993c370}: 'void java.lang.invoke.DirectMethodHandle$Holder.invokeSpecialIFC(java.lang.Object, java.lang.Object, int, java.lang.Object, java.lang.Object, java.lang.Object, java.lang.Object)'> (0x000000070993c370) 
thrown [s\open\src\hotspot\share\interpreter\linkResolver.cpp, line 773]
Event: 55.454 Thread 0x000001ac09d7c740 Exception <a 'sun/nio/fs/WindowsException'{0x00000007095da338}> (0x00000007095da338) 
thrown [s\open\src\hotspot\share\prims\jni.cpp, line 520]
Event: 1135.734 Thread 0x000001ac1000aed0 Exception <a 'java/lang/NoSuchMethodError'{0x0000000711d48398}: 'java.lang.Object java.lang.invoke.DirectMethodHandle$Holder.invokeVirtual(java.lang.Object, java.lang.Object, int, int)'> (0x0000000711d48398) 
thrown [s\open\src\hotspot\share\interpreter\linkResolver.cpp, line 773]
Event: 1135.799 Thread 0x000001ac1000aed0 Exception <a 'java/lang/IncompatibleClassChangeError'{0x0000000711a213e8}: Found class java.lang.Object, but interface was expected> (0x0000000711a213e8) 
thrown [s\open\src\hotspot\share\interpreter\linkResolver.cpp, line 840]
Event: 1135.926 Thread 0x000001ac1000aed0 Exception <a 'java/lang/IncompatibleClassChangeError'{0x0000000711b235a0}: Found class java.lang.Object, but interface was expected> (0x0000000711b235a0) 
thrown [s\open\src\hotspot\share\interpreter\linkResolver.cpp, line 840]
Event: 1136.036 Thread 0x000001ac1000aed0 Exception <a 'java/lang/IncompatibleClassChangeError'{0x0000000711be9088}: Found class java.lang.Object, but interface was expected> (0x0000000711be9088) 
thrown [s\open\src\hotspot\share\interpreter\linkResolver.cpp, line 840]
Event: 1136.059 Thread 0x000001ac1000aed0 Exception <a 'java/lang/NoSuchMethodError'{0x000000071180f338}: 'long java.lang.invoke.DelegatingMethodHandle$Holder.reinvoke_L(java.lang.Object, java.lang.Object)'> (0x000000071180f338) 
thrown [s\open\src\hotspot\share\interpreter\linkResolver.cpp, line 773]
Event: 1136.061 Thread 0x000001ac1000aed0 Exception <a 'java/lang/IncompatibleClassChangeError'{0x00000007118194f0}: Found class java.lang.Object, but interface was expected> (0x00000007118194f0) 
thrown [s\open\src\hotspot\share\interpreter\linkResolver.cpp, line 840]
Event: 1136.061 Thread 0x000001ac1000aed0 Exception <a 'java/lang/IncompatibleClassChangeError'{0x000000071181a500}: Found class java.lang.Object, but interface was expected> (0x000000071181a500) 
thrown [s\open\src\hotspot\share\interpreter\linkResolver.cpp, line 840]
Event: 1136.062 Thread 0x000001ac1000aed0 Exception <a 'java/lang/IncompatibleClassChangeError'{0x000000071181db80}: Found class java.lang.Object, but interface was expected> (0x000000071181db80) 
thrown [s\open\src\hotspot\share\interpreter\linkResolver.cpp, line 840]
Event: 1231.322 Thread 0x000001ac07565780 Exception <a 'java/lang/NoSuchMethodError'{0x000000071528edb0}: static [B.<clinit>()V> (0x000000071528edb0) 
thrown [s\open\src\hotspot\share\prims\jni.cpp, line 1111]

ZGC Phase Switch (0 events):
No events

VM Operations (20 events):
Event: 1946.575 Executing VM operation: Cleanup done
Event: 1947.587 Executing VM operation: Cleanup
Event: 1947.587 Executing VM operation: Cleanup done
Event: 1964.708 Executing VM operation: Cleanup
Event: 1964.709 Executing VM operation: Cleanup done
Event: 1983.865 Executing VM operation: HandshakeAllThreads (HandshakeForDeflation)
Event: 1983.865 Executing VM operation: HandshakeAllThreads (HandshakeForDeflation) done
Event: 1983.865 Executing VM operation: RendezvousGCThreads
Event: 1983.865 Executing VM operation: RendezvousGCThreads done
Event: 2042.238 Executing VM operation: Cleanup
Event: 2042.238 Executing VM operation: Cleanup done
Event: 2587.128 Executing VM operation: Cleanup
Event: 2587.128 Executing VM operation: Cleanup done
Event: 2933.358 Executing VM operation: G1CollectForAllocation (G1 Evacuation Pause)
Event: 2933.375 Executing VM operation: G1CollectForAllocation (G1 Evacuation Pause) done
Event: 3548.766 Executing VM operation: Cleanup
Event: 3548.766 Executing VM operation: Cleanup done
Event: 4358.793 Executing VM operation: G1CollectForAllocation (G1 Evacuation Pause)
Event: 4358.822 Executing VM operation: G1CollectForAllocation (G1 Evacuation Pause) done
Event: 4358.955 Executing VM operation: G1PauseRemark

Events (20 events):
Event: 3362.365 Thread 0x000001ac1000d630 Thread added: 0x000001ac1000d630
Event: 3439.087 Thread 0x000001ac1000f700 Thread exited: 0x000001ac1000f700
Event: 3482.395 Thread 0x000001ac1000c910 Thread added: 0x000001ac1000c910
Event: 3547.916 Thread 0x000001ac1000cfa0 Thread added: 0x000001ac1000cfa0
Event: 3547.918 Thread 0x000001ac1000dcc0 Thread added: 0x000001ac1000dcc0
Event: 3558.357 Thread 0x000001ac1000cfa0 Thread exited: 0x000001ac1000cfa0
Event: 3558.420 Thread 0x000001ac1000dcc0 Thread exited: 0x000001ac1000dcc0
Event: 3559.215 Thread 0x000001ac1000d630 Thread exited: 0x000001ac1000d630
Event: 3578.707 Thread 0x000001ac1000e9e0 Thread added: 0x000001ac1000e9e0
Event: 3578.709 Thread 0x000001ac1000cfa0 Thread added: 0x000001ac1000cfa0
Event: 3590.759 Thread 0x000001ac1000e9e0 Thread exited: 0x000001ac1000e9e0
Event: 3590.790 Thread 0x000001ac1000cfa0 Thread exited: 0x000001ac1000cfa0
Event: 3605.359 Thread 0x000001ac1000cfa0 Thread added: 0x000001ac1000cfa0
Event: 3605.361 Thread 0x000001ac1000f700 Thread added: 0x000001ac1000f700
Event: 3610.548 Thread 0x000001ac1000cfa0 Thread exited: 0x000001ac1000cfa0
Event: 3610.611 Thread 0x000001ac1000f700 Thread exited: 0x000001ac1000f700
Event: 3722.448 Thread 0x000001ac1000c280 Thread added: 0x000001ac1000c280
Event: 3859.353 Thread 0x000001ac1000c280 Thread exited: 0x000001ac1000c280
Event: 4022.474 Thread 0x000001ac1000cfa0 Thread added: 0x000001ac1000cfa0
Event: 4099.446 Thread 0x000001ac1000cfa0 Thread exited: 0x000001ac1000cfa0


Dynamic libraries:
0x00007ff613c70000 - 0x00007ff613c80000 	C:\Program Files\Java\jdk-21\bin\java.exe
0x00007fffdf5a0000 - 0x00007fffdf806000 	C:\WINDOWS\SYSTEM32\ntdll.dll
0x00007fffdd340000 - 0x00007fffdd409000 	C:\WINDOWS\System32\KERNEL32.DLL
0x00007fffdcbe0000 - 0x00007fffdcfdf000 	C:\WINDOWS\System32\KERNELBASE.dll
0x00007fffd90b0000 - 0x00007fffd914f000 	C:\WINDOWS\SYSTEM32\apphelp.dll
0x00007fffdc7b0000 - 0x00007fffdc8fc000 	C:\WINDOWS\System32\ucrtbase.dll
0x00007fffd9090000 - 0x00007fffd90ab000 	C:\Program Files\Java\jdk-21\bin\VCRUNTIME140.dll
0x00007fffd9020000 - 0x00007fffd9039000 	C:\Program Files\Java\jdk-21\bin\jli.dll
0x00007fffdd640000 - 0x00007fffdd6fc000 	C:\WINDOWS\System32\ADVAPI32.dll
0x00007fffdef70000 - 0x00007fffdf019000 	C:\WINDOWS\System32\msvcrt.dll
0x00007fffdd4f0000 - 0x00007fffdd59a000 	C:\WINDOWS\System32\sechost.dll
0x00007fffdedd0000 - 0x00007fffdeee8000 	C:\WINDOWS\System32\RPCRT4.dll
0x00007fffde6b0000 - 0x00007fffde876000 	C:\WINDOWS\System32\USER32.dll
0x00007fffdc910000 - 0x00007fffdc937000 	C:\WINDOWS\System32\win32u.dll
0x00007fffb1700000 - 0x00007fffb1991000 	C:\WINDOWS\WinSxS\amd64_microsoft.windows.common-controls_6595b64144ccf1df_6.0.26100.8972_none_3e0da176e32f9d4b\COMCTL32.dll
0x00007fffdef40000 - 0x00007fffdef6b000 	C:\WINDOWS\System32\GDI32.dll
0x00007fffdcab0000 - 0x00007fffdcbd9000 	C:\WINDOWS\System32\gdi32full.dll
0x00007fffdca00000 - 0x00007fffdcaa3000 	C:\WINDOWS\System32\msvcp_win.dll
0x00007fffd58b0000 - 0x00007fffd58bb000 	C:\WINDOWS\SYSTEM32\VERSION.dll
0x00007fffdef00000 - 0x00007fffdef32000 	C:\WINDOWS\System32\IMM32.DLL
0x00007fffd6fe0000 - 0x00007fffd6fec000 	C:\Program Files\Java\jdk-21\bin\vcruntime140_1.dll
0x00007fffc3700000 - 0x00007fffc378e000 	C:\Program Files\Java\jdk-21\bin\msvcp140.dll
0x00007fff60270000 - 0x00007fff60f8d000 	C:\Program Files\Java\jdk-21\bin\server\jvm.dll
0x00007fffdecb0000 - 0x00007fffded32000 	C:\WINDOWS\System32\WS2_32.dll
0x00007fffdc610000 - 0x00007fffdc66e000 	C:\WINDOWS\SYSTEM32\POWRPROF.dll
0x00007fffd5120000 - 0x00007fffd5156000 	C:\WINDOWS\SYSTEM32\WINMM.dll
0x00007fffdc5e0000 - 0x00007fffdc5f5000 	C:\WINDOWS\SYSTEM32\UMPDC.dll
0x00007fffdb460000 - 0x00007fffdb47b000 	C:\WINDOWS\SYSTEM32\kernel.appcore.dll
0x00007fffd6fd0000 - 0x00007fffd6fda000 	C:\Program Files\Java\jdk-21\bin\jimage.dll
0x00007fffd9e90000 - 0x00007fffda0d2000 	C:\WINDOWS\SYSTEM32\DBGHELP.DLL
0x00007fffdf020000 - 0x00007fffdf3a5000 	C:\WINDOWS\System32\combase.dll
0x00007fffdea60000 - 0x00007fffdeb39000 	C:\WINDOWS\System32\OLEAUT32.dll
0x00007fffb9f80000 - 0x00007fffb9fbb000 	C:\WINDOWS\SYSTEM32\dbgcore.DLL
0x00007fffdd180000 - 0x00007fffdd22c000 	C:\WINDOWS\System32\bcryptPrimitives.dll
0x00007fffd6fb0000 - 0x00007fffd6fbf000 	C:\Program Files\Java\jdk-21\bin\instrument.dll
0x00007fffd6f30000 - 0x00007fffd6f4f000 	C:\Program Files\Java\jdk-21\bin\java.dll
0x00007fffdd720000 - 0x00007fffddea8000 	C:\WINDOWS\System32\SHELL32.dll
0x00007fffda0e0000 - 0x00007fffda97b000 	C:\WINDOWS\SYSTEM32\windows.storage.dll
0x00007fffdf460000 - 0x00007fffdf559000 	C:\WINDOWS\System32\SHCORE.dll
0x00007fffde640000 - 0x00007fffde6a6000 	C:\WINDOWS\System32\shlwapi.dll
0x00007fffdc6d0000 - 0x00007fffdc6f9000 	C:\WINDOWS\SYSTEM32\profapi.dll
0x00007fffc37f0000 - 0x00007fffc3808000 	C:\Program Files\Java\jdk-21\bin\zip.dll
0x00007fffd6fa0000 - 0x00007fffd6fb0000 	C:\Program Files\Java\jdk-21\bin\net.dll
0x00007fffd56e0000 - 0x00007fffd5808000 	C:\WINDOWS\SYSTEM32\WINHTTP.dll
0x00007fffdb9f0000 - 0x00007fffdba5c000 	C:\WINDOWS\system32\mswsock.dll
0x00007fffc3810000 - 0x00007fffc3826000 	C:\Program Files\Java\jdk-21\bin\nio.dll
0x00007fffdaf00000 - 0x00007fffdb058000 	C:\WINDOWS\SYSTEM32\DNSAPI.dll
0x00007fffdb7f0000 - 0x00007fffdb7fd000 	C:\WINDOWS\SYSTEM32\DSPARSE.dll
0x00007fffdae60000 - 0x00007fffdae93000 	C:\WINDOWS\SYSTEM32\IPHLPAPI.DLL
0x00007fffdeef0000 - 0x00007fffdeefa000 	C:\WINDOWS\System32\NSI.dll
0x00007fffd6f20000 - 0x00007fffd6f29000 	C:\Program Files\Java\jdk-21\bin\extnet.dll
0x00007fffd58c0000 - 0x00007fffd58cb000 	C:\Windows\System32\rasadhlp.dll
0x00007fffd6b70000 - 0x00007fffd6bf6000 	C:\WINDOWS\System32\fwpuclnt.dll
0x00007fffc37e0000 - 0x00007fffc37ea000 	C:\Program Files\Java\jdk-21\bin\management.dll
0x00007fffc36f0000 - 0x00007fffc36fb000 	C:\Program Files\Java\jdk-21\bin\management_ext.dll
0x00007fffdd710000 - 0x00007fffdd718000 	C:\WINDOWS\System32\PSAPI.DLL
0x00007fffdbe10000 - 0x00007fffdbe2b000 	C:\WINDOWS\SYSTEM32\CRYPTSP.dll
0x00007fffdb3c0000 - 0x00007fffdb3f9000 	C:\WINDOWS\system32\rsaenh.dll
0x00007fffdbaa0000 - 0x00007fffdbad2000 	C:\WINDOWS\SYSTEM32\USERENV.dll
0x00007fffdc6a0000 - 0x00007fffdc6ca000 	C:\WINDOWS\SYSTEM32\bcrypt.dll
0x00007fffdbc50000 - 0x00007fffdbc5c000 	C:\WINDOWS\SYSTEM32\CRYPTBASE.dll
0x00007fffa7090000 - 0x00007fffa70a8000 	C:\WINDOWS\system32\napinsp.dll
0x00007fffa6ef0000 - 0x00007fffa6f03000 	C:\WINDOWS\System32\winrnr.dll
0x00007fffa6aa0000 - 0x00007fffa6ac2000 	C:\WINDOWS\system32\nlansp_c.dll
0x00007fffa6a80000 - 0x00007fffa6a96000 	C:\WINDOWS\system32\wshbth.dll
0x00007fffaeb70000 - 0x00007fffaebc8000 	C:\WINDOWS\SYSTEM32\pdh.dll
0x00007fffca840000 - 0x00007fffca8ad000 	C:\WINDOWS\system32\mscoree.dll
0x00007fffca630000 - 0x00007fffca6cb000 	C:\Windows\Microsoft.NET\Framework64\v4.0.30319\mscoreei.dll
0x00007fffaaee0000 - 0x00007fffaaf22000 	C:\Windows\Microsoft.NET\Framework64\v4.0.30319\perfcounter.dll
0x00007fffdcff0000 - 0x00007fffdd16e000 	C:\WINDOWS\System32\CRYPT32.dll
0x00007fffdb590000 - 0x00007fffdb5c6000 	C:\WINDOWS\SYSTEM32\ntmarta.dll
0x00007fff6cf80000 - 0x00007fff6cfb6000 	C:\WINDOWS\SYSTEM32\rasman.dll
0x00007fffc3640000 - 0x00007fffc364e000 	C:\Program Files\Java\jdk-21\bin\sunmscapi.dll
0x00007fffdbf80000 - 0x00007fffdbfb0000 	C:\WINDOWS\SYSTEM32\ncrypt.dll
0x00007fffdbf30000 - 0x00007fffdbf6f000 	C:\WINDOWS\SYSTEM32\NTASN1.dll
0x00007fffc3790000 - 0x00007fffc37a2000 	C:\WINDOWS\System32\perfproc.dll
0x00007fffc35b0000 - 0x00007fffc35c0000 	C:\Program Files\Java\jdk-21\bin\verify.dll
0x00007fffae140000 - 0x00007fffae148000 	C:\WINDOWS\system32\wshunix.dll

dbghelp: loaded successfully - version: 4.0.5 - missing functions: none
symbol engine: initialized successfully - sym options: 0x614 - pdb path: .;C:\Program Files\Java\jdk-21\bin;C:\WINDOWS\SYSTEM32;C:\WINDOWS\WinSxS\amd64_microsoft.windows.common-controls_6595b64144ccf1df_6.0.26100.8972_none_3e0da176e32f9d4b;C:\Program Files\Java\jdk-21\bin\server;C:\Windows\Microsoft.NET\Framework64\v4.0.30319;C:\WINDOWS\system32\wbem

VM Arguments:
jvm_args: -XX:TieredStopAtLevel=1 -Dspring.output.ansi.enabled=always -Dcom.sun.management.jmxremote -Dspring.jmx.enabled=true -Dspring.liveBeansView.mbeanDomain -Dspring.application.admin.enabled=true -Dmanagement.endpoints.jmx.exposure.include=* -javaagent:C:\Program Files\JetBrains\IntelliJ IDEA 2025.3.3\lib\idea_rt.jar=64609 -Dfile.encoding=UTF-8 -Dsun.stdout.encoding=UTF-8 -Dsun.stderr.encoding=UTF-8 
java_command: org.example.healthcare_s.HealthCareSApplication
java_class_path (initial): C:\Users\RM\Downloads\demo\HealthCare_S\target\classes;C:\Users\RM\.m2\repository\org\springframework\boot\spring-boot-starter-web\3.3.4\spring-boot-starter-web-3.3.4.jar;C:\Users\RM\.m2\repository\org\springframework\boot\spring-boot-starter\3.3.4\spring-boot-starter-3.3.4.jar;C:\Users\RM\.m2\repository\org\springframework\boot\spring-boot\3.3.4\spring-boot-3.3.4.jar;C:\Users\RM\.m2\repository\org\springframework\boot\spring-boot-autoconfigure\3.3.4\spring-boot-autoconfigure-3.3.4.jar;C:\Users\RM\.m2\repository\org\springframework\boot\spring-boot-starter-logging\3.3.4\spring-boot-starter-logging-3.3.4.jar;C:\Users\RM\.m2\repository\ch\qos\logback\logback-classic\1.5.8\logback-classic-1.5.8.jar;C:\Users\RM\.m2\repository\ch\qos\logback\logback-core\1.5.8\logback-core-1.5.8.jar;C:\Users\RM\.m2\repository\org\apache\logging\log4j\log4j-to-slf4j\2.23.1\log4j-to-slf4j-2.23.1.jar;C:\Users\RM\.m2\repository\org\apache\logging\log4j\log4j-api\2.23.1\log4j-api-2.23.1.jar;C:\Users\RM\.m2\repository\org\slf4j\jul-to-slf4j\2.0.16\jul-to-slf4j-2.0.16.jar;C:\Users\RM\.m2\repository\jakarta\annotation\jakarta.annotation-api\2.1.1\jakarta.annotation-api-2.1.1.jar;C:\Users\RM\.m2\repository\org\yaml\snakeyaml\2.2\snakeyaml-2.2.jar;C:\Users\RM\.m2\repository\org\springframework\boot\spring-boot-starter-json\3.3.4\spring-boot-starter-json-3.3.4.jar;C:\Users\RM\.m2\repository\com\fasterxml\jackson\datatype\jackson-datatype-jdk8\2.17.2\jackson-datatype-jdk8-2.17.2.jar;C:\Users\RM\.m2\repository\com\fasterxml\jackson\datatype\jackson-datatype-jsr310\2.17.2\jackson-datatype-jsr310-2.17.2.jar;C:\Users\RM\.m2\repository\com\fasterxml\jackson\module\jackson-module-parameter-names\2.17.2\jackson-module-parameter-names-2.17.2.jar;C:\Users\RM\.m2\repository\org\springframework\boot\spring-boot-starter-tomcat\3.3.4\spring-boot-starter-tomcat-3.3.4.jar;C:\Users\RM\.m2\repository\org\apache\tomcat\embed\tomcat-embed-core\10.1.30\tomcat-embed-core-10.1.30.jar;C:\Users\RM\.m2\repository\org\apache\tomcat\embed\tomcat-embed-el\10.1.30\tomcat-embed-el-10.1.30.jar;C:\Users\RM\.m2\repository\org\apache\tomcat\embed\tomcat-embed-websocket\10.1.30\tomcat-embed-websocket-10.1.30.jar;C:\Users\RM\.m2\repository\org\springframework\spring-web\6.1.13\spring-web-6.1.13.jar;C:\Users\RM\.m2\repository\org\springframework\spring-beans\6.1.13\spring-beans-6.1.13.jar;C:\Users\RM\.m2\repository\io\micrometer\micrometer-observation\1.13.4\micrometer-observation-1.13.4.jar;C:\Users\RM\.m2\repository\io\micrometer\micrometer-commons\1.13.4\micrometer-commons-1.13.4.jar;C:\Users\RM\.m2\repository\org\springframework\spring-webmvc\6.1.13\spring-webmvc-6.1.13.jar;C:\Users\RM\.m2\repository\org\springframework\spring-context\6.1.13\spring-context-6.1.13.jar;C:\Users\RM\.m2\repository\org\springframework\spring-expression\6.1.13\spring-expression-6.1.13.jar;C:\Users\RM\.m2\repository\org\springframework\boot\spring-boot-starter-security\3.3.4\spring-boot-starter-security-3.3.4.jar;C:\Users\RM\.m2\repository\org\springframework\spring-aop\6.1.13\spring-aop-6.1.13.jar;C:\Users\RM\.m2\repository\org\springframework\security\spring-security-config\6.3.3\spring-security-config-6.3.3.jar;C:\Users\RM\.m2\repository\org\springframework\security\spring-security-web\6.3.3\spring-security-web-6.3.3.jar;C:\Users\RM\.m2\repository\org\springframework\boot\spring-boot-starter-data-jpa\3.3.4\spring-boot-starter-data-jpa-3.3.4.jar;C:\Users\RM\.m2\repository\org\springframework\boot\spring-boot-starter-aop\3.3.4\spring-boot-starter-aop-3.3.4.jar;C:\Users\RM\.m2\repository\org\aspectj\aspectjweaver\1.9.22.1\aspectjweaver-1.9.22.1.jar;C:\Users\RM\.m2\repository\org\springframework\boot\spring-boot-starter-jdbc\3.3.4\spring-boot-starter-jdbc-3.3.4.jar;C:\Users\RM\.m2\repository\com\zaxxer\HikariCP\5.1.0\HikariCP-5.1.0.jar;C:\Users\RM\.m2\repository\org\springframework\spring-jdbc\6.1.13\spring-jdbc-6.1.13.jar;C:\Users\RM\.m2\repository\org\hibernate\orm\hibernate-core\6.5.3.Final\hibernate-core-6.5.3.Final.jar;C:\Users\RM\.m2\repository\jakarta\persistence\jakarta.persistence-api\3.1.0\jakarta.persistence-api-3.1.0.jar;C:\Users\RM\.m2\repository\jakarta\transaction\jakarta.transaction-api\2.0.1\jakarta.transaction-api-2.0.1.jar;C:\Users\RM\.m2\repository\org\jboss\logging\jboss-logging\3.5.3.Final\jboss-logging-3.5.3.Final.jar;C:\Users\RM\.m2\repository\org\hibernate\common\hibernate-commons-annotations\6.0.6.Final\hibernate-commons-annotations-6.0.6.Final.jar;C:\Users\RM\.m2\repository\io\smallrye\jandex\3.1.2\jandex-3.1.2.jar;C:\Users\RM\.m2\repository\com\fasterxml\classmate\1.7.0\classmate-1.7.0.jar;C:\Users\RM\.m2\repository\net\bytebuddy\byte-buddy\1.14.19\byte-buddy-1.14.19.jar;C:\Users\RM\.m2\repository\org\glassfish\jaxb\jaxb-runtime\4.0.5\jaxb-runtime-4.0.5.jar;C:\Users\RM\.m2\repository\org\glassfish\jaxb\jaxb-core\4.0.5\jaxb-core-4.0.5.jar;C:\Users\RM\.m2\repository\org\eclipse\angus\angus-activation\2.0.2\angus-activation-2.0.2.jar;C:\Users\RM\.m2\repository\org\glassfish\jaxb\txw2\4.0.5\txw2-4.0.5.jar;C:\Users\RM\.m2\repository\com\sun\istack\istack-commons-runtime\4.1.2\istack-commons-runtime-4.1.2.jar;C:\Users\RM\.m2\repository\jakarta\inject\jakarta.inject-api\2.0.1\jakarta.inject-api-2.0.1.jar;C:\Users\RM\.m2\repository\org\antlr\antlr4-runtime\4.13.0\antlr4-runtime-4.13.0.jar;C:\Users\RM\.m2\repository\org\springframework\data\spring-data-jpa\3.3.4\spring-data-jpa-3.3.4.jar;C:\Users\RM\.m2\repository\org\springframework\data\spring-data-commons\3.3.4\spring-data-commons-3.3.4.jar;C:\Users\RM\.m2\repository\org\springframework\spring-orm\6.1.13\spring-orm-6.1.13.jar;C:\Users\RM\.m2\repository\org\springframework\spring-tx\6.1.13\spring-tx-6.1.13.jar;C:\Users\RM\.m2\repository\org\slf4j\slf4j-api\2.0.16\slf4j-api-2.0.16.jar;C:\Users\RM\.m2\repository\org\springframework\spring-aspects\6.1.13\spring-aspects-6.1.13.jar;C:\Users\RM\.m2\repository\com\mysql\mysql-connector-j\8.3.0\mysql-connector-j-8.3.0.jar;C:\Users\RM\.m2\repository\com\h2database\h2\2.2.224\h2-2.2.224.jar;C:\Users\RM\.m2\repository\org\flywaydb\flyway-core\10.10.0\flyway-core-10.10.0.jar;C:\Users\RM\.m2\repository\com\fasterxml\jackson\dataformat\jackson-dataformat-toml\2.17.2\jackson-dataformat-toml-2.17.2.jar;C:\Users\RM\.m2\repository\com\fasterxml\jackson\core\jackson-core\2.17.2\jackson-core-2.17.2.jar;C:\Users\RM\.m2\repository\com\google\code\gson\gson\2.10.1\gson-2.10.1.jar;C:\Users\RM\.m2\repository\org\flywaydb\flyway-mysql\10.10.0\flyway-mysql-10.10.0.jar;C:\Users\RM\.m2\repository\org\springdoc\springdoc-openapi-starter-webmvc-ui\2.6.0\springdoc-openapi-starter-webmvc-ui-2.6.0.jar;C:\Users\RM\.m2\repository\org\springdoc\springdoc-openapi-starter-webmvc-api\2.6.0\springdoc-openapi-starter-webmvc-api-2.6.0.jar;C:\Users\RM\.m2\repository\org\springdoc\springdoc-openapi-starter-common\2.6.0\springdoc-openapi-starter-common-2.6.0.jar;C:\Users\RM\.m2\repository\io\swagger\core\v3\swagger-core-jakarta\2.2.22\swagger-core-jakarta-2.2.22.jar;C:\Users\RM\.m2\repository\org\apache\commons\commons-lang3\3.14.0\commons-lang3-3.14.0.jar;C:\Users\RM\.m2\repository\io\swagger\core\v3\swagger-annotations-jakarta\2.2.22\swagger-annotations-jakarta-2.2.22.jar;C:\Users\RM\.m2\repository\io\swagger\core\v3\swagger-models-jakarta\2.2.22\swagger-models-jakarta-2.2.22.jar;C:\Users\RM\.m2\repository\jakarta\validation\jakarta.validation-api\3.0.2\jakarta.validation-api-3.0.2.jar;C:\Users\RM\.m2\repository\com\fasterxml\jackson\dataformat\jackson-dataformat-yaml\2.17.2\jackson-dataformat-yaml-2.17.2.jar;C:\Users\RM\.m2\repository\org\webjars\swagger-ui\5.17.14\swagger-ui-5.17.14.jar;C:\Users\RM\.m2\repository\org\springframework\boot\spring-boot-starter-data-redis\3.3.4\spring-boot-starter-data-redis-3.3.4.jar;C:\Users\RM\.m2\repository\io\lettuce\lettuce-core\6.3.2.RELEASE\lettuce-core-6.3.2.RELEASE.jar;C:\Users\RM\.m2\repository\io\netty\netty-common\4.1.113.Final\netty-common-4.1.113.Final.jar;C:\Users\RM\.m2\repository\io\netty\netty-handler\4.1.113.Final\netty-handler-4.1.113.Final.jar;C:\Users\RM\.m2\repository\io\netty\netty-resolver\4.1.113.Final\netty-resolver-4.1.113.Final.jar;C:\Users\RM\.m2\repository\io\netty\netty-buffer\4.1.113.Final\netty-buffer-4.1.113.Final.jar;C:\Users\RM\.m2\repository\io\netty\netty-transport-native-unix-common\4.1.113.Final\netty-transport-native-unix-common-4.1.113.Final.jar;C:\Users\RM\.m2\repository\io\netty\netty-codec\4.1.113.Final\netty-codec-4.1.113.Final.jar;C:\Users\RM\.m2\repository\io\netty\netty-transport\4.1.113.Final\netty-transport-4.1.113.Final.jar;C:\Users\RM\.m2\repository\io\projectreactor\reactor-core\3.6.10\reactor-core-3.6.10.jar;C:\Users\RM\.m2\repository\org\reactivestreams\reactive-streams\1.0.4\reactive-streams-1.0.4.jar;C:\Users\RM\.m2\repository\org\springframework\data\spring-data-redis\3.3.4\spring-data-redis-3.3.4.jar;C:\Users\RM\.m2\repository\org\springframework\data\spring-data-keyvalue\3.3.4\spring-data-keyvalue-3.3.4.jar;C:\Users\RM\.m2\repository\org\springframework\spring-oxm\6.1.13\spring-oxm-6.1.13.jar;C:\Users\RM\.m2\repository\org\springframework\spring-context-support\6.1.13\spring-context-support-6.1.13.jar;C:\Users\RM\.m2\repository\org\projectlombok\lombok\1.18.34\lombok-1.18.34.jar;C:\Users\RM\.m2\repository\org\mapstruct\mapstruct\1.5.5.Final\mapstruct-1.5.5.Final.jar;C:\Users\RM\.m2\repository\org\mapstruct\mapstruct-processor\1.5.5.Final\mapstruct-processor-1.5.5.Final.jar;C:\Users\RM\.m2\repository\io\jsonwebtoken\jjwt-api\0.11.5\jjwt-api-0.11.5.jar;C:\Users\RM\.m2\repository\io\jsonwebtoken\jjwt-impl\0.11.5\jjwt-impl-0.11.5.jar;C:\Users\RM\.m2\repository\io\jsonwebtoken\jjwt-jackson\0.11.5\jjwt-jackson-0.11.5.jar;C:\Users\RM\.m2\repository\com\fasterxml\jackson\core\jackson-databind\2.17.2\jackson-databind-2.17.2.jar;C:\Users\RM\.m2\repository\com\fasterxml\jackson\core\jackson-annotations\2.17.2\jackson-annotations-2.17.2.jar;C:\Users\RM\.m2\repository\com\github\librepdf\openpdf\2.0.2\openpdf-2.0.2.jar;C:\Users\RM\.m2\repository\org\jetbrains\kotlin\kotlin-stdlib\2.0.20\kotlin-stdlib-2.0.20.jar;C:\Users\RM\.m2\repository\org\jetbrains\annotations\13.0\annotations-13.0.jar;C:\Users\RM\.m2\repository\jakarta\xml\bind\jakarta.xml.bind-api\4.0.2\jakarta.xml.bind-api-4.0.2.jar;C:\Users\RM\.m2\repository\jakarta\activation\jakarta.activation-api\2.1.3\jakarta.activation-api-2.1.3.jar;C:\Users\RM\.m2\repository\org\springframework\spring-core\6.1.13\spring-core-6.1.13.jar;C:\Users\RM\.m2\repository\org\springframework\spring-jcl\6.1.13\spring-jcl-6.1.13.jar;C:\Users\RM\.m2\repository\org\springframework\security\spring-security-core\6.3.3\spring-security-core-6.3.3.jar;C:\Users\RM\.m2\repository\org\springframework\security\spring-security-crypto\6.3.3\spring-security-crypto-6.3.3.jar
Launcher Type: SUN_STANDARD

[Global flags]
     intx CICompilerCount                          = 4                                         {product} {ergonomic}
     uint ConcGCThreads                            = 3                                         {product} {ergonomic}
     uint G1ConcRefinementThreads                  = 10                                        {product} {ergonomic}
   size_t G1HeapRegionSize                         = 2097152                                   {product} {ergonomic}
    uintx GCDrainStackTargetSize                   = 64                                        {product} {ergonomic}
   size_t InitialHeapSize                          = 264241152                                 {product} {ergonomic}
     bool ManagementServer                         = true                                      {product} {command line}
   size_t MarkStackSize                            = 4194304                                   {product} {ergonomic}
   size_t MaxHeapSize                              = 4202692608                                {product} {ergonomic}
   size_t MaxNewSize                               = 2520776704                                {product} {ergonomic}
   size_t MinHeapDeltaBytes                        = 2097152                                   {product} {ergonomic}
   size_t MinHeapSize                              = 8388608                                   {product} {ergonomic}
    uintx NonNMethodCodeHeapSize                   = 4096                                   {pd product} {ergonomic}
    uintx NonProfiledCodeHeapSize                  = 0                                      {pd product} {ergonomic}
     bool ProfileInterpreter                       = false                                  {pd product} {command line}
    uintx ProfiledCodeHeapSize                     = 0                                      {pd product} {ergonomic}
   size_t SoftMaxHeapSize                          = 4202692608                             {manageable} {ergonomic}
     intx TieredStopAtLevel                        = 1                                         {product} {command line}
     bool UseCompressedOops                        = true                           {product lp64_product} {ergonomic}
     bool UseG1GC                                  = true                                      {product} {ergonomic}
     bool UseLargePagesIndividualAllocation        = false                                  {pd product} {ergonomic}

Logging:
Log output configuration:
 #0: stdout all=warning uptime,level,tags foldmultilines=false
 #1: stderr all=off uptime,level,tags foldmultilines=false

Environment Variables:
PATH=C:\Program Files\Common Files\Oracle\Java\javapath;C:\WINDOWS\system32;C:\WINDOWS;C:\WINDOWS\System32\Wbem;C:\WINDOWS\System32\WindowsPowerShell\v1.0\;C:\WINDOWS\System32\OpenSSH\;C:\Program Files\Git\cmd;C:\Program Files\nodejs\;C:\Program Files\Java\jdk-21;C:\xampp\php;C:\Program Files\Apache\Maven\apache-maven-3.9.12\bin;C:\Users\RM\AppData\Roaming\Microsoft\Windows\Start Menu\Programs\Python\Python 3.14;C:\Users\RM\AppData\Local\Python\pythoncore-3.14-64\Scripts;C:\Program Files\Docker\Docker\resources\bin;C:\Users\RM\AppData\Local\agy\bin\agy.exe;C:\composer;C:\Users\RM\AppData\Local\agy\bin;C:\Program Files\MySQL\MySQL Shell 8.0\bin\;C:\Users\RM\AppData\Local\Microsoft\WindowsApps;C:\Users\RM\AppData\Local\Programs\Microsoft VS Code\bin;C:\Program Files\Git;C:\Users\RM\AppData\Roaming\npm;C:\Users\RM\AppData\Local\JetBrains\Toolbox\scripts;C:\Users\RM\AppData\Roaming\Composer\vendor\bin;C:\Users\RM\AppData\Local\Python\bin;C:\Users\RM\AppData\Local\Programs\Antigravity\bin;C:\Program Files\JetBrains\IntelliJ IDEA 2025.3.3\bin;C:\Users\RM\AppData\Local\Microsoft\WindowsApps
USERNAME=RM
OS=Windows_NT
PROCESSOR_IDENTIFIER=Intel64 Family 6 Model 154 Stepping 4, GenuineIntel
TMP=C:\Users\RM\AppData\Local\Temp
TEMP=C:\Users\RM\AppData\Local\Temp




Periodic native trim disabled

---------------  S Y S T E M  ---------------

OS:
 Windows 11 , 64 bit Build 26100 (10.0.26100.9168)
OS uptime: 4 days 1:48 hours
Hyper-V role detected

CPU: total 12 (initial active 12) (6 cores per cpu, 2 threads per core) family 6 model 154 stepping 4 microcode 0x43b, cx8, cmov, fxsr, ht, mmx, 3dnowpref, sse, sse2, sse3, ssse3, sse4.1, sse4.2, popcnt, lzcnt, tsc, tscinvbit, avx, avx2, aes, erms, clmul, bmi1, bmi2, adx, sha, fma, vzeroupper, clflush, clflushopt, clwb, hv, serialize, rdtscp, rdpid, fsrm, f16c, cet_ibt, cet_ss
Processor Information for all 12 processors :
  Max Mhz: 1300, Current Mhz: 1300, Mhz Limit: 1300

Memory: 4k page, system-wide physical 16024M (401M free)
TotalPageFile size 30360M (AvailPageFile size 2392M)
current process WorkingSet (physical memory assigned to process): 229M, peak: 299M
current process commit charge ("private bytes"): 341M, peak: 395M

vm_info: Java HotSpot(TM) 64-Bit Server VM (21.0.9+7-LTS-338) for windows-amd64 JRE (21.0.9+7-LTS-338), built on 2025-09-26T06:33:49Z by "mach5run" with MS VC++ 17.6 (VS2022)

END.
